// Jest Snapshot v1, https://goo.gl/fbAQLP

exports[`<Main /> should render the heading 1`] = `
<main
  class="styles__Wrapper-sc-1w3czte-0 gqueLJ"
>
  <img
    alt="Imagem de um átomo e React Avançado escrito ao lado"
    class="styles__Logo-sc-1w3czte-1 hxIbDE"
    src="/img/logo.svg"
  />
  <h1
    class="styles__Title-sc-1w3czte-2 iKhwZG"
  >
    React Avançado
  </h1>
  <h2
    class="styles__Description-sc-1w3czte-3 bfjrCR"
  >
    Typescript, React, NextJS e Styled Components
  </h2>
  <img
    alt="Desenvolvedor de frente para a tela com código"
    class="styles__Ilustration-sc-1w3czte-4 gwpDCw"
    src="/img/hero-illustration.svg"
  />
</main>
`
